// Jest Snapshot v1, https://goo.gl/fbAQLP

exports[`CartTotal component snapshot matches the snapshot 1`] = `
<div
  className="MuiBox-root MuiBox-root-2"
>
  <div
    className="MuiPaper-root MuiPaper-elevation1 MuiCard-root MuiPaper-rounded"
  >
    <div
      className="MuiCardContent-root"
    >
      <div
        className="MuiBox-root MuiBox-root-32"
      >
        Total 
        2000
         Ks
      </div>
    </div>
    <div
      className="MuiCardActions-root MuiCardActions-spacing"
    >
      <div
        className="MuiBox-root MuiBox-root-35"
        style={
          Object {
            "width": "100%",
          }
        }
      >
        <a
          href="/checkout"
          onClick={[Function]}
          style={
            Object {
              "textDecoration": "none",
            }
          }
        >
          <button
            className="MuiButtonBase-root MuiButton-root MuiButton-contained MuiButton-containedSecondary MuiButton-fullWidth"
            disabled={false}
            onBlur={[Function]}
            onDragLeave={[Function]}
            onFocus={[Function]}
            onKeyDown={[Function]}
            onKeyUp={[Function]}
            onMouseDown={[Function]}
            onMouseLeave={[Function]}
            onMouseUp={[Function]}
            onTouchEnd={[Function]}
            onTouchMove={[Function]}
            onTouchStart={[Function]}
            tabIndex={0}
            type="button"
          >
            <span
              className="MuiButton-label"
            >
              Confirm Order
            </span>
          </button>
        </a>
      </div>
    </div>
    <div
      className="MuiCardContent-root"
    >
      <a
        href="/"
        onClick={[Function]}
        style={
          Object {
            "textDecoration": "none",
          }
        }
      >
        <button
          className="MuiButtonBase-root MuiButton-root MuiButton-text MuiButton-textPrimary MuiButton-fullWidth"
          disabled={false}
          onBlur={[Function]}
          onDragLeave={[Function]}
          onFocus={[Function]}
          onKeyDown={[Function]}
          onKeyUp={[Function]}
          onMouseDown={[Function]}
          onMouseLeave={[Function]}
          onMouseUp={[Function]}
          onTouchEnd={[Function]}
          onTouchMove={[Function]}
          onTouchStart={[Function]}
          tabIndex={0}
          type="button"
        >
          <span
            className="MuiButton-label"
          >
            <div
              className="MuiBox-root MuiBox-root-56"
            >
              Continue Shopping
            </div>
          </span>
        </button>
      </a>
    </div>
  </div>
</div>
`;
